// Jest Snapshot v1, https://goo.gl/fbAQLP

exports[`measures 1`] = `
"{ left: 0, right: 0, top: 0, bottom: 0, width: 500, height: 300 }
├── { left: 150, right: 0, top: 0, bottom: 0, width: 100, height: 100 }
└── { left: 250, right: 0, top: 0, bottom: 0, width: 100, height: 100 }"
`;
